---
source: compiler/zrc_codegen/src/stmt.rs
description: "fn get_bool() -> bool;\nfn nop();\n\nfn test() {\n    // TEST: properly produces a conditional break over the call result and\n    // both code baths call nop().\n    if (get_bool()) nop();\n    else {\n        nop();\n        // TEST: this path diverges\n        return;\n    }\n\n    // TEST: code generation properly continues from the if_true block\n    nop();\n    return;\n}\n"
expression: resulting_ir
---
; ModuleID = 'test'
source_filename = "test"

declare i1 @get_bool()

declare void @nop()

define void @test() {
entry:
  %call = call i1 @get_bool()
  br i1 %call, label %then, label %then_else

then:                                             ; preds = %entry
  call void @nop()
  br label %end

then_else:                                        ; preds = %entry
  call void @nop()
  ret void

end:                                              ; preds = %then
  call void @nop()
  ret void
}

